tag_name,address
,R<Int16>41
,R<Int16[3]>206
,R<String6>87
,R<Int16>1
,R<String8>83
,R<String10>59
,R<String4>209
,R<String4>201
,R<Int16>204
,R<String2>69
,R<Int16>5
,R<Int32>210
,R<Int32[2]>211
,R<Int16>203
,R<Int16>40
,R<Int16>205
,R<Int16>5
,R<String10>78
,R<String2>200
