tag_name,address
,R<String6>87
,R<Int16>206
,R<Int16>207
,R<Int32[2]>209
,R<String10>59
,R<String2>200
,R<Int16>40
,R<Int16>1
,R<String10>78
,R<Int16>208
,R<Int16>41
,R<String2>69
,R<Int16>203
,R<Int16>5
,R<String4>201
,R<Int32>205
,R<Int32>204
,R<String8>83
