{
    "name": "KAISHI_CONV",
    "tagType": "Folder",
    "tags": [
        {
            "valueSource": "memory",
            "alarms": [
                {
                    "setpointA": 1.0,
                    "ackPipeline": "FIT_Main/NoCommNotifications",
                    "activePipeline": "FIT_Main/NoCommNotifications",
                    "CustomEmailMessage": "ALARM ALARM",
                    "name": "Alarm",
                    "clearPipeline": "FIT_Main/NoCommNotifications",
                    "CustomEmailSubject": "ALARM ALARM",
                    "ackMode": "Auto"
                }
            ],
            "name": "New Tag",
            "alarmEvalEnabled": false,
            "value": 0,
            "tagGroup": "AFP01_Normal",
            "tagType": "AtomicTag"
        },
        {
            "valueSource": "opc",
            "opcItemPath": "ns=1;s=[MA_KaishiConveyor]R<Int16>1",
            "dataType": "Int2",
            "name": "PHS_PLC_Heartbeat",
            "tagGroup": "AFP01_Normal",
            "tagType": "AtomicTag",
            "opcServer": "Ignition OPC UA Server",
            "readOnly": false
        },
        {
            "valueSource": "opc",
            "eventScripts": [
                {
                    "eventid": "valueChanged",
                    "script": "\t\t\tif currentValue.value != previousValue.value:\n\t\t\t\tsystem.tag.writeBlocking(\"[.]PLC_HeartBeat_Monitor\", [\"1\"])\n\t\t\telse:\n\t\t\t\tsystem.tag.writeBlocking(\"[.]PLC_HeartBeat_Monitor\", [\"2\"])",
                    "enabled": false
                }
            ],
            "opcItemPath": "ns=1;s=[MA_KaishiConveyor]R<Int16>0",
            "dataType": "Int2",
            "name": "PLC_PHS_Heartbeat",
            "tagGroup": "AFP01_Normal",
            "tagType": "AtomicTag",
            "enabled": true,
            "opcServer": "Ignition OPC UA Server",
            "readOnly": false
        },
        {
            "valueSource": "opc",
            "opcItemPath": "ns=1;s=[MA_KaishiConveyor]R<Int16>50.13",
            "historyProvider": "IGN_DB_FIT",
            "name": "KaishiCVA_Running",
            "historyEnabled": true,
            "tagGroup": "AFP01_Normal",
            "tagType": "AtomicTag",
            "opcServer": "Ignition OPC UA Server",
            "dataType": "Int2",
            "readOnly": false
        },
        {
            "valueSource": "opc",
            "opcItemPath": "ns=1;s=[MA_KaishiConveyor]R<Int16>50.14",
            "historyProvider": "IGN_DB_FIT",
            "name": "KaishiCVB_Running",
            "historyEnabled": true,
            "tagGroup": "AFP01_Normal",
            "tagType": "AtomicTag",
            "opcServer": "Ignition OPC UA Server",
            "dataType": "Int2",
            "readOnly": false
        },
        {
            "valueSource": "opc",
            "opcItemPath": "ns=1;s=[MA_KaishiConveyor][Diagnostics]/Connected",
            "alarms": [
                {
                    "activePipeline": "FIT_Main/NoCommNotifications",
                    "CustomEmailMessage": "FIT Kaishi MA PLC Disconnected",
                    "timeOnDelaySeconds": 0.0,
                    "name": "FITKaishiConvDisconnected",
                    "clearPipeline": "FIT_Main/NoCommNotifications",
                    "CustomEmailSubject": "FIT PLC Disconnected Alarm"
                }
            ],
            "name": "IsConnected",
            "tagGroup": "AFP01_Normal",
            "tagType": "AtomicTag",
            "opcServer": "Ignition OPC UA Server",
            "dataType": "String"
        },
        {
            "valueSource": "opc",
            "opcItemPath": "ns=1;s=[MA_KaishiConveyor]R<Int16>50.15",
            "historyProvider": "IGN_DB_FIT",
            "name": "KaishiCVC_Running",
            "historyEnabled": true,
            "tagGroup": "AFP01_Normal",
            "tagType": "AtomicTag",
            "opcServer": "Ignition OPC UA Server",
            "dataType": "Int2",
            "readOnly": false
        },
        {
            "valueSource": "expr",
            "eventScripts": [
                {
                    "eventid": "valueChanged",
                    "script": "\tif currentValue != previousValue:\n\t\tsystem.tag.writeBlocking([\"[.]PHS_PLC_Heartbeat\"], currentValue)"
                }
            ],
            "expression": "if(getSecond(now(1000))%2 = 0, 1,0)",
            "name": "Heartbeat",
            "tagGroup": "AFP01_Normal",
            "tagType": "AtomicTag"
        }
    ]
}